
> safespot@0.1.0 build
> tsc && vite build

[36mvite v5.4.21 [32mbuilding for production...[36m[39m
transforming...
[32mÔ£ô[39m 3039 modules transformed.
rendering chunks...
computing gzip size...
[2mdist/[22m[32mregisterSW.js                          [39m[1m[2m    0.13 kB[22m[1m[22m
[2mdist/[22m[32mmanifest.webmanifest                   [39m[1m[2m    0.39 kB[22m[1m[22m
[2mdist/[22m[32mindex.html                             [39m[1m[2m    1.66 kB[22m[1m[22m[2m Ôöé gzip:   0.84 kB[22m
[2mdist/[22m[35massets/SafeSpotMapClient-3yaWYNWa.css  [39m[1m[2m    1.20 kB[22m[1m[22m[2m Ôöé gzip:   0.37 kB[22m
[2mdist/[22m[35massets/leaflet-Dgihpmma.css            [39m[1m[2m   15.04 kB[22m[1m[22m[2m Ôöé gzip:   6.38 kB[22m
[2mdist/[22m[35massets/index-DB1pRcpr.css              [39m[1m[2m   45.28 kB[22m[1m[22m[2m Ôöé gzip:   8.42 kB[22m
[2mdist/[22m[36massets/shield-BJb-z3dN.js              [39m[1m[2m    0.32 kB[22m[1m[22m[2m Ôöé gzip:   0.26 kB[22m
[2mdist/[22m[36massets/arrow-left-CDAqK7rh.js          [39m[1m[2m    0.33 kB[22m[1m[22m[2m Ôöé gzip:   0.26 kB[22m
[2mdist/[22m[36massets/search-B1a8-IEp.js              [39m[1m[2m    0.34 kB[22m[1m[22m[2m Ôöé gzip:   0.27 kB[22m
[2mdist/[22m[36massets/clock-BedmXhox.js               [39m[1m[2m    0.35 kB[22m[1m[22m[2m Ôöé gzip:   0.27 kB[22m
[2mdist/[22m[36massets/eye-PiCl2sxL.js                 [39m[1m[2m    0.36 kB[22m[1m[22m[2m Ôöé gzip:   0.28 kB[22m
[2mdist/[22m[36massets/trending-up-27dh7e8P.js         [39m[1m[2m    0.37 kB[22m[1m[22m[2m Ôöé gzip:   0.28 kB[22m
[2mdist/[22m[36massets/lock-B_lTEwpG.js                [39m[1m[2m    0.38 kB[22m[1m[22m[2m Ôöé gzip:   0.29 kB[22m
[2mdist/[22m[36massets/flag-DSZPsguf.js                [39m[1m[2m    0.39 kB[22m[1m[22m[2m Ôöé gzip:   0.30 kB[22m
[2mdist/[22m[36massets/badge-B-A0Ves2.js               [39m[1m[2m    0.46 kB[22m[1m[22m[2m Ôöé gzip:   0.28 kB[22m
[2mdist/[22m[36massets/users-DCv3C9cd.js               [39m[1m[2m    0.47 kB[22m[1m[22m[2m Ôöé gzip:   0.32 kB[22m
[2mdist/[22m[36massets/calendar-DjyYZH-V.js            [39m[1m[2m    0.49 kB[22m[1m[22m[2m Ôöé gzip:   0.32 kB[22m
[2mdist/[22m[36massets/textarea-8o1yVgAR.js            [39m[1m[2m    0.50 kB[22m[1m[22m[2m Ôöé gzip:   0.33 kB[22m
[2mdist/[22m[36massets/thumbs-up-B1ChhJ2z.js           [39m[1m[2m    0.99 kB[22m[1m[22m[2m Ôöé gzip:   0.48 kB[22m
[2mdist/[22m[36massets/SafeSpotMap-BSfpj04R.js         [39m[1m[2m    1.10 kB[22m[1m[22m[2m Ôöé gzip:   0.62 kB[22m
[2mdist/[22m[36massets/seo-DbX3BlXX.js                 [39m[1m[2m    1.44 kB[22m[1m[22m[2m Ôöé gzip:   0.70 kB[22m
[2mdist/[22m[36massets/FavoriteButton-DX5mklbx.js      [39m[1m[2m    1.47 kB[22m[1m[22m[2m Ôöé gzip:   0.82 kB[22m
[2mdist/[22m[36massets/errorHandler-BGe4YoWF.js        [39m[1m[2m    2.16 kB[22m[1m[22m[2m Ôöé gzip:   0.99 kB[22m
[2mdist/[22m[36massets/skeletons-CtKndWcQ.js           [39m[1m[2m    2.33 kB[22m[1m[22m[2m Ôöé gzip:   0.78 kB[22m
[2mdist/[22m[36massets/prefetch-BIy_qq20.js            [39m[1m[2m    2.38 kB[22m[1m[22m[2m Ôöé gzip:   1.04 kB[22m
[2mdist/[22m[36massets/with-selector-yYbQCq4g.js       [39m[1m[2m    2.73 kB[22m[1m[22m[2m Ôöé gzip:   1.12 kB[22m
[2mdist/[22m[36massets/input-BFJNk3g_.js               [39m[1m[2m    4.31 kB[22m[1m[22m[2m Ôöé gzip:   1.76 kB[22m
[2mdist/[22m[36massets/Explorar-VE8FNrqR.js            [39m[1m[2m    4.41 kB[22m[1m[22m[2m Ôöé gzip:   2.07 kB[22m
[2mdist/[22m[36massets/MisFavoritos-DzmtorsA.js        [39m[1m[2m    6.36 kB[22m[1m[22m[2m Ôöé gzip:   2.07 kB[22m
[2mdist/[22m[36massets/TerminosPage-Bd5jL388.js        [39m[1m[2m    7.25 kB[22m[1m[22m[2m Ôöé gzip:   2.29 kB[22m
[2mdist/[22m[36massets/Home-BkDE1_aN.js                [39m[1m[2m    8.11 kB[22m[1m[22m[2m Ôöé gzip:   2.81 kB[22m
[2mdist/[22m[36massets/PrivacidadPage-B9U7T_mr.js      [39m[1m[2m    8.76 kB[22m[1m[22m[2m Ôöé gzip:   2.58 kB[22m
[2mdist/[22m[36massets/Perfil-C_rGEDOp.js              [39m[1m[2m    9.48 kB[22m[1m[22m[2m Ôöé gzip:   2.55 kB[22m
[2mdist/[22m[36massets/queryKeys-C4hA5n3w.js           [39m[1m[2m   10.54 kB[22m[1m[22m[2m Ôöé gzip:   3.78 kB[22m
[2mdist/[22m[36massets/Reportes-BGk2n__U.js            [39m[1m[2m   13.93 kB[22m[1m[22m[2m Ôöé gzip:   5.25 kB[22m
[2mdist/[22m[36massets/Gamificacion-DfOsPXJF.js        [39m[1m[2m   15.11 kB[22m[1m[22m[2m Ôöé gzip:   4.53 kB[22m
[2mdist/[22m[36massets/SafeSpotMapClient-oEdY1i00.js   [39m[1m[2m  121.76 kB[22m[1m[22m[2m Ôöé gzip:  41.21 kB[22m
[2mdist/[22m[36massets/leaflet-CX4bluoA.js             [39m[1m[2m  155.17 kB[22m[1m[22m[2m Ôöé gzip:  45.45 kB[22m
[2mdist/[22m[36massets/CrearReporte-BjdSiMaX.js        [39m[1m[2m  156.79 kB[22m[1m[22m[2m Ôöé gzip:  50.90 kB[22m
[2mdist/[22m[36massets/index-CFFaggM6.js               [39m[1m[2m  268.81 kB[22m[1m[22m[2m Ôöé gzip:  86.55 kB[22m
[2mdist/[22m[36massets/DetalleReporte-BZAkjEWJ.js      [39m[1m[33m2,219.53 kB[39m[22m[2m Ôöé gzip: 719.48 kB[22m
node.exe : [33m
En línea: 1 Carácter: 1
+ & "C:\Program Files\nodejs/node.exe" 
"C:\Program Files\nodejs/node_mo ...
+ ~~~~~~~~~~~~~~~~~~~~~~~~~~~~~~~~~~~~~~
~~~~~~~~~~~~~~~~~~~~~~~~~~~~~~~
    + CategoryInfo          : NotSpecif 
   ied: ([33m:String) [], RemoteExcep  
  tion
    + FullyQualifiedErrorId : NativeCom 
   mandError
 
(!) Some chunks are larger than 500 kB 
after minification. Consider:
- Using dynamic import() to code-split 
the application
- Use 
build.rollupOptions.output.manualChunks 
to improve chunking: https://rollupjs.or
g/configuration-options/#output-manualch
unks
- Adjust chunk size limit for this 
warning via 
build.chunkSizeWarningLimit.[39m
[32mÔ£ô built in 23.22s[39m
[31merror during build:
Error: 
  Configure 
"workbox.maximumFileSizeToCacheInBytes" 
to change the limit: the default value 
is 2 MiB.
  Check https://vite-pwa-org.netlify.app
/guide/faq.html#missing-assets-from-sw-p
recache-manifest for more information.
  Assets exceeding the limit:
  - assets/DetalleReporte-BZAkjEWJ.js 
is 2.22 MB, and won't be precached.

    at logWorkboxResult (file:///C:/User
s/Usuario/Documents/Proyectos%20Web/Safe
spot/node_modules/vite-plugin-pwa/dist/c
hunk-G4TAN34B.js:44:13)
    at generateServiceWorker (file:///C:
/Users/Usuario/Documents/Proyectos%20Web
/Safespot/node_modules/vite-plugin-pwa/d
ist/index.js:209:3)
    at async _generateSW (file:///C:/Use
rs/Usuario/Documents/Proyectos%20Web/Saf
espot/node_modules/vite-plugin-pwa/dist/
index.js:234:5)
    at async Object.handler (file:///C:/
Users/Usuario/Documents/Proyectos%20Web/
Safespot/node_modules/vite-plugin-pwa/di
st/index.js:427:13)
    at async PluginDriver.hookParallel (
file:///C:/Users/Usuario/Documents/Proye
ctos%20Web/Safespot/node_modules/rollup/
dist/es/shared/node-entry.js:22426:17)
    at async Object.close (file:///C:/Us
ers/Usuario/Documents/Proyectos%20Web/Sa
fespot/node_modules/rollup/dist/es/share
d/node-entry.js:23445:13)
    at async build (file:///C:/Users/Usu
ario/Documents/Proyectos%20Web/Safespot/
node_modules/vite/dist/node/chunks/dep-B
K3b2jBa.js:65732:17)
    at async CAC.<anonymous> (file:///C:
/Users/Usuario/Documents/Proyectos%20Web
/Safespot/node_modules/vite/dist/node/cl
i.js:829:5)[39m
